// Jest Snapshot v1, https://goo.gl/fbAQLP

exports[`[Component] Separator should render correctly 1`] = `
<RCTSafeAreaView
  style={
    {
      "flex": 1,
    }
  }
>
  <View
    style={
      {
        "flex": 1,
        "justifyContent": "space-between",
      }
    }
  >
    <View />
  </View>
</RCTSafeAreaView>
`;
